EN external_mux NULL E:/Xilinx_projects/GadgetFactory-Arduino-Soft-Core-v1.6-0-ga7f9bf7/GadgetFactory-Arduino-Soft-Core-06f1ba4/sources/uC/external_mux.vhd sub00/vhpl48 1359973903
AR synchronizerlatch rtl E:/Xilinx_projects/GadgetFactory-Arduino-Soft-Core-v1.6-0-ga7f9bf7/GadgetFactory-Arduino-Soft-Core-06f1ba4/sources/Peripheral/SynchronizerLatch.vhd sub00/vhpl23 1359973878
AR xpm8kx16 rtl E:/Xilinx_projects/GadgetFactory-Arduino-Soft-Core-v1.6-0-ga7f9bf7/GadgetFactory-Arduino-Soft-Core-06f1ba4/sources/Memory/XPM8Kx16.vhd sub00/vhpl59 1359973916
EN ramdatareg NULL E:/Xilinx_projects/GadgetFactory-Arduino-Soft-Core-v1.6-0-ga7f9bf7/GadgetFactory-Arduino-Soft-Core-06f1ba4/sources/uC/RAMDataReg.vhd sub00/vhpl46 1359973901
AR reg_file rtl E:/Xilinx_projects/GadgetFactory-Arduino-Soft-Core-v1.6-0-ga7f9bf7/GadgetFactory-Arduino-Soft-Core-06f1ba4/sources/Core/reg_file.vhd sub00/vhpl28 1359973883
EN ocdprogtck NULL E:/Xilinx_projects/GadgetFactory-Arduino-Soft-Core-v1.6-0-ga7f9bf7/GadgetFactory-Arduino-Soft-Core-06f1ba4/sources/JTAG_OCD_Prg/OCDProgTCK.vhd sub00/vhpl10 1359973865
AR io_reg_file rtl E:/Xilinx_projects/GadgetFactory-Arduino-Soft-Core-v1.6-0-ga7f9bf7/GadgetFactory-Arduino-Soft-Core-06f1ba4/sources/Core/io_reg_file.vhd sub00/vhpl34 1359973889
EN dcm32to16 NULL E:/Xilinx_projects/GadgetFactory-Arduino-Soft-Core-v1.6-0-ga7f9bf7/GadgetFactory-Arduino-Soft-Core-06f1ba4/scripts/XilinxISE/DCM32to16.vhd sub00/vhpl40 1359973895
AR timer_counter rtl E:/Xilinx_projects/GadgetFactory-Arduino-Soft-Core-v1.6-0-ga7f9bf7/GadgetFactory-Arduino-Soft-Core-06f1ba4/sources/Peripheral/Timer_Counter.vhd sub00/vhpl53 1359973910
AR pm_fetch_dec rtl E:/Xilinx_projects/GadgetFactory-Arduino-Soft-Core-v1.6-0-ga7f9bf7/GadgetFactory-Arduino-Soft-Core-06f1ba4/sources/Core/pm_fetch_dec.vhd sub00/vhpl26 1359973881
EN pm_fetch_dec NULL E:/Xilinx_projects/GadgetFactory-Arduino-Soft-Core-v1.6-0-ga7f9bf7/GadgetFactory-Arduino-Soft-Core-06f1ba4/sources/Core/pm_fetch_dec.vhd sub00/vhpl25 1359973880
PH avr_uc_comppack NULL E:/Xilinx_projects/GadgetFactory-Arduino-Soft-Core-v1.6-0-ga7f9bf7/GadgetFactory-Arduino-Soft-Core-06f1ba4/sources/uC/AVR_uC_CompPack.vhd sub00/vhpl37 1359973892
EN xdm4kx8 NULL E:/Xilinx_projects/GadgetFactory-Arduino-Soft-Core-v1.6-0-ga7f9bf7/GadgetFactory-Arduino-Soft-Core-06f1ba4/sources/Memory/XDM4Kx8.vhd sub00/vhpl56 1359973913
EN synchronizerlatch NULL E:/Xilinx_projects/GadgetFactory-Arduino-Soft-Core-v1.6-0-ga7f9bf7/GadgetFactory-Arduino-Soft-Core-06f1ba4/sources/Peripheral/SynchronizerLatch.vhd sub00/vhpl22 1359973877
EN xpm8kx16 NULL E:/Xilinx_projects/GadgetFactory-Arduino-Soft-Core-v1.6-0-ga7f9bf7/GadgetFactory-Arduino-Soft-Core-06f1ba4/sources/Memory/XPM8Kx16.vhd sub00/vhpl58 1359973915
AR jtagocdprgtop rtl E:/Xilinx_projects/GadgetFactory-Arduino-Soft-Core-v1.6-0-ga7f9bf7/GadgetFactory-Arduino-Soft-Core-06f1ba4/sources/JTAG_OCD_Prg/JTAGOCDPrgTop.vhd sub00/vhpl61 1359973918
AR avr_core struct E:/Xilinx_projects/GadgetFactory-Arduino-Soft-Core-v1.6-0-ga7f9bf7/GadgetFactory-Arduino-Soft-Core-06f1ba4/sources/Core/avr_core.vhd sub00/vhpl45 1359973900
EN resetgenerator NULL E:/Xilinx_projects/GadgetFactory-Arduino-Soft-Core-v1.6-0-ga7f9bf7/GadgetFactory-Arduino-Soft-Core-06f1ba4/sources/uC/ResetGenerator.vhd sub00/vhpl54 1359973911
PH prog_mem_init_pkg NULL E:/Xilinx_projects/GadgetFactory-Arduino-Soft-Core-v1.6-0-ga7f9bf7/GadgetFactory-Arduino-Soft-Core-06f1ba4/sources/Memory/prog_mem_init.vhd sub00/vhpl18 1359973873
EN pport NULL E:/Xilinx_projects/GadgetFactory-Arduino-Soft-Core-v1.6-0-ga7f9bf7/GadgetFactory-Arduino-Soft-Core-06f1ba4/sources/Peripheral/portx.vhd sub00/vhpl50 1359973905
EN io_adr_dec NULL E:/Xilinx_projects/GadgetFactory-Arduino-Soft-Core-v1.6-0-ga7f9bf7/GadgetFactory-Arduino-Soft-Core-06f1ba4/sources/Core/io_adr_dec.vhd sub00/vhpl31 1359973886
AR extirq_controller rtl E:/Xilinx_projects/GadgetFactory-Arduino-Soft-Core-v1.6-0-ga7f9bf7/GadgetFactory-Arduino-Soft-Core-06f1ba4/sources/Peripheral/ExtIRQ_Controller.vhd sub00/vhpl74 1359687944
AR external_mux rtl E:/Xilinx_projects/GadgetFactory-Arduino-Soft-Core-v1.6-0-ga7f9bf7/GadgetFactory-Arduino-Soft-Core-06f1ba4/sources/uC/external_mux.vhd sub00/vhpl49 1359973904
PH jtagtapctrlsmpack NULL E:/Xilinx_projects/GadgetFactory-Arduino-Soft-Core-v1.6-0-ga7f9bf7/GadgetFactory-Arduino-Soft-Core-06f1ba4/sources/JTAG_OCD_Prg/JTAGTAPCtrlSMPack.vhd sub00/vhpl06 1359973861
AR arbiterandmux rtl E:/Xilinx_projects/GadgetFactory-Arduino-Soft-Core-v1.6-0-ga7f9bf7/GadgetFactory-Arduino-Soft-Core-06f1ba4/sources/MemArbAndMux/ArbiterAndMux.vhd sub00/vhpl65 1359973922
PB jtagtapctrlsmpack jtagtapctrlsmpack E:/Xilinx_projects/GadgetFactory-Arduino-Soft-Core-v1.6-0-ga7f9bf7/GadgetFactory-Arduino-Soft-Core-06f1ba4/sources/JTAG_OCD_Prg/JTAGTAPCtrlSMPack.vhd sub00/vhpl07 1359973862
AR extirq_controller behavioral E:/Xilinx_projects/GadgetFactory-Arduino-Soft-Core-v1.6-0-ga7f9bf7/GadgetFactory-Arduino-Soft-Core-06f1ba4/sources/Peripheral/ExtIRQ_Controller.vhd sub00/vhpl73 1359973908
EN alu_avr NULL E:/Xilinx_projects/GadgetFactory-Arduino-Soft-Core-v1.6-0-ga7f9bf7/GadgetFactory-Arduino-Soft-Core-06f1ba4/sources/Core/alu_avr.vhd sub00/vhpl35 1359973890
AR ramadrdcd rtl E:/Xilinx_projects/GadgetFactory-Arduino-Soft-Core-v1.6-0-ga7f9bf7/GadgetFactory-Arduino-Soft-Core-06f1ba4/sources/MemArbAndMux/RAMAdrDcd.vhd sub00/vhpl69 1359973926
PH avrucpackage NULL E:/Xilinx_projects/GadgetFactory-Arduino-Soft-Core-v1.6-0-ga7f9bf7/GadgetFactory-Arduino-Soft-Core-06f1ba4/sources/CommonPacks/AVRuCPackage.vhd sub00/vhpl02 1359973857
AR io_adr_dec rtl E:/Xilinx_projects/GadgetFactory-Arduino-Soft-Core-v1.6-0-ga7f9bf7/GadgetFactory-Arduino-Soft-Core-06f1ba4/sources/Core/io_adr_dec.vhd sub00/vhpl32 1359973887
AR papilio_avr8 struct E:/Xilinx_projects/GadgetFactory-Arduino-Soft-Core-v1.6-0-ga7f9bf7/GadgetFactory-Arduino-Soft-Core-06f1ba4/sources/uC/Papilio_AVR8.vhd sub00/vhpl71 1359973928
PH synchronizercomppack NULL E:/Xilinx_projects/GadgetFactory-Arduino-Soft-Core-v1.6-0-ga7f9bf7/GadgetFactory-Arduino-Soft-Core-06f1ba4/sources/Peripheral/SynchronizerCompPack.vhd sub00/vhpl19 1359973874
AR memrdmux rtl E:/Xilinx_projects/GadgetFactory-Arduino-Soft-Core-v1.6-0-ga7f9bf7/GadgetFactory-Arduino-Soft-Core-06f1ba4/sources/MemArbAndMux/MemRdMux.vhd sub00/vhpl67 1359973924
EN avr_core NULL E:/Xilinx_projects/GadgetFactory-Arduino-Soft-Core-v1.6-0-ga7f9bf7/GadgetFactory-Arduino-Soft-Core-06f1ba4/sources/Core/avr_core.vhd sub00/vhpl44 1359973899
PH synthctrlpack NULL E:/Xilinx_projects/GadgetFactory-Arduino-Soft-Core-v1.6-0-ga7f9bf7/GadgetFactory-Arduino-Soft-Core-06f1ba4/sources/CommonPacks/SynthCtrlPack.vhd sub00/vhpl00 1359973855
AR resync1b_cp2 rtl E:/Xilinx_projects/GadgetFactory-Arduino-Soft-Core-v1.6-0-ga7f9bf7/GadgetFactory-Arduino-Soft-Core-06f1ba4/sources/JTAG_OCD_Prg/Resync1b_cp2.vhd sub00/vhpl15 1359973870
AR dcm32to16 behavioral E:/Xilinx_projects/GadgetFactory-Arduino-Soft-Core-v1.6-0-ga7f9bf7/GadgetFactory-Arduino-Soft-Core-06f1ba4/scripts/XilinxISE/DCM32to16.vhd sub00/vhpl41 1359973896
AR ocdprogcp2 rtl E:/Xilinx_projects/GadgetFactory-Arduino-Soft-Core-v1.6-0-ga7f9bf7/GadgetFactory-Arduino-Soft-Core-06f1ba4/sources/JTAG_OCD_Prg/OCDProgcp2.vhd sub00/vhpl13 1359973868
PH memaccessctrlpack NULL E:/Xilinx_projects/GadgetFactory-Arduino-Soft-Core-v1.6-0-ga7f9bf7/GadgetFactory-Arduino-Soft-Core-06f1ba4/sources/MemArbAndMux/MemAccessCtrlPack.vhd sub00/vhpl08 1359973863
AR papilio_core_template behavioral E:/Xilinx_projects/GadgetFactory-Arduino-Soft-Core-v1.6-0-ga7f9bf7/GadgetFactory-Arduino-Soft-Core-06f1ba4/submodules/papilio_core_template/sources/papilio_core_template.vhd sub00/vhpl43 1359973898
EN ramadrdcd NULL E:/Xilinx_projects/GadgetFactory-Arduino-Soft-Core-v1.6-0-ga7f9bf7/GadgetFactory-Arduino-Soft-Core-06f1ba4/sources/MemArbAndMux/RAMAdrDcd.vhd sub00/vhpl68 1359973925
PH xmemcomppack NULL E:/Xilinx_projects/GadgetFactory-Arduino-Soft-Core-v1.6-0-ga7f9bf7/GadgetFactory-Arduino-Soft-Core-06f1ba4/sources/Memory/XMemCompPack.vhd sub00/vhpl38 1359973893
EN reg_file NULL E:/Xilinx_projects/GadgetFactory-Arduino-Soft-Core-v1.6-0-ga7f9bf7/GadgetFactory-Arduino-Soft-Core-06f1ba4/sources/Core/reg_file.vhd sub00/vhpl27 1359973882
AR uart rtl E:/Xilinx_projects/GadgetFactory-Arduino-Soft-Core-v1.6-0-ga7f9bf7/GadgetFactory-Arduino-Soft-Core-06f1ba4/sources/Peripheral/uart.vhd sub00/vhpl63 1359973920
PH avr_core_comppack NULL E:/Xilinx_projects/GadgetFactory-Arduino-Soft-Core-v1.6-0-ga7f9bf7/GadgetFactory-Arduino-Soft-Core-06f1ba4/sources/Core/AVR_Core_CompPack.vhd sub00/vhpl24 1359973879
AR xdm4kx8 rtl E:/Xilinx_projects/GadgetFactory-Arduino-Soft-Core-v1.6-0-ga7f9bf7/GadgetFactory-Arduino-Soft-Core-06f1ba4/sources/Memory/XDM4Kx8.vhd sub00/vhpl57 1359973914
PB avrucpackage avrucpackage E:/Xilinx_projects/GadgetFactory-Arduino-Soft-Core-v1.6-0-ga7f9bf7/GadgetFactory-Arduino-Soft-Core-06f1ba4/sources/CommonPacks/AVRuCPackage.vhd sub00/vhpl03 1359973858
PH jtagpack NULL E:/Xilinx_projects/GadgetFactory-Arduino-Soft-Core-v1.6-0-ga7f9bf7/GadgetFactory-Arduino-Soft-Core-06f1ba4/sources/JTAG_OCD_Prg/JTAGPack.vhd sub00/vhpl01 1359973856
AR bit_processor rtl E:/Xilinx_projects/GadgetFactory-Arduino-Soft-Core-v1.6-0-ga7f9bf7/GadgetFactory-Arduino-Soft-Core-06f1ba4/sources/Core/bit_processor.vhd sub00/vhpl30 1359973885
PH jtagcomppack NULL E:/Xilinx_projects/GadgetFactory-Arduino-Soft-Core-v1.6-0-ga7f9bf7/GadgetFactory-Arduino-Soft-Core-06f1ba4/sources/JTAG_OCD_Prg/JTAGCompPack.vhd sub00/vhpl09 1359973864
AR alu_avr rtl E:/Xilinx_projects/GadgetFactory-Arduino-Soft-Core-v1.6-0-ga7f9bf7/GadgetFactory-Arduino-Soft-Core-06f1ba4/sources/Core/alu_avr.vhd sub00/vhpl36 1359973891
EN bit_processor NULL E:/Xilinx_projects/GadgetFactory-Arduino-Soft-Core-v1.6-0-ga7f9bf7/GadgetFactory-Arduino-Soft-Core-06f1ba4/sources/Core/bit_processor.vhd sub00/vhpl29 1359973884
EN papilio_avr8 NULL E:/Xilinx_projects/GadgetFactory-Arduino-Soft-Core-v1.6-0-ga7f9bf7/GadgetFactory-Arduino-Soft-Core-06f1ba4/sources/uC/Papilio_AVR8.vhd sub00/vhpl70 1359973927
EN resync1b_cp2 NULL E:/Xilinx_projects/GadgetFactory-Arduino-Soft-Core-v1.6-0-ga7f9bf7/GadgetFactory-Arduino-Soft-Core-06f1ba4/sources/JTAG_OCD_Prg/Resync1b_cp2.vhd sub00/vhpl14 1359973869
EN extirq_controller NULL E:/Xilinx_projects/GadgetFactory-Arduino-Soft-Core-v1.6-0-ga7f9bf7/GadgetFactory-Arduino-Soft-Core-06f1ba4/sources/Peripheral/ExtIRQ_Controller.vhd sub00/vhpl72 1359973907
PH memaccesscomppack NULL E:/Xilinx_projects/GadgetFactory-Arduino-Soft-Core-v1.6-0-ga7f9bf7/GadgetFactory-Arduino-Soft-Core-06f1ba4/sources/MemArbAndMux/MemAccessCompPack.vhd sub00/vhpl39 1359973894
PH jtagdatapack NULL E:/Xilinx_projects/GadgetFactory-Arduino-Soft-Core-v1.6-0-ga7f9bf7/GadgetFactory-Arduino-Soft-Core-06f1ba4/sources/JTAG_OCD_Prg/JTAGDataPack.vhd sub00/vhpl05 1359973860
EN jtagocdprgtop NULL E:/Xilinx_projects/GadgetFactory-Arduino-Soft-Core-v1.6-0-ga7f9bf7/GadgetFactory-Arduino-Soft-Core-06f1ba4/sources/JTAG_OCD_Prg/JTAGOCDPrgTop.vhd sub00/vhpl60 1359973917
AR resetgenerator rtl E:/Xilinx_projects/GadgetFactory-Arduino-Soft-Core-v1.6-0-ga7f9bf7/GadgetFactory-Arduino-Soft-Core-06f1ba4/sources/uC/ResetGenerator.vhd sub00/vhpl55 1359973912
EN io_reg_file NULL E:/Xilinx_projects/GadgetFactory-Arduino-Soft-Core-v1.6-0-ga7f9bf7/GadgetFactory-Arduino-Soft-Core-06f1ba4/sources/Core/io_reg_file.vhd sub00/vhpl33 1359973888
AR synchronizerdff rtl E:/Xilinx_projects/GadgetFactory-Arduino-Soft-Core-v1.6-0-ga7f9bf7/GadgetFactory-Arduino-Soft-Core-06f1ba4/sources/Peripheral/SynchronizerDFF.vhd sub00/vhpl21 1359973876
EN memrdmux NULL E:/Xilinx_projects/GadgetFactory-Arduino-Soft-Core-v1.6-0-ga7f9bf7/GadgetFactory-Arduino-Soft-Core-06f1ba4/sources/MemArbAndMux/MemRdMux.vhd sub00/vhpl66 1359973923
EN resync1b_tck NULL E:/Xilinx_projects/GadgetFactory-Arduino-Soft-Core-v1.6-0-ga7f9bf7/GadgetFactory-Arduino-Soft-Core-06f1ba4/sources/JTAG_OCD_Prg/Resync1b_TCK.vhd sub00/vhpl16 1359973871
AR resync1b_tck rtl E:/Xilinx_projects/GadgetFactory-Arduino-Soft-Core-v1.6-0-ga7f9bf7/GadgetFactory-Arduino-Soft-Core-06f1ba4/sources/JTAG_OCD_Prg/Resync1b_TCK.vhd sub00/vhpl17 1359973872
EN papilio_core_template NULL E:/Xilinx_projects/GadgetFactory-Arduino-Soft-Core-v1.6-0-ga7f9bf7/GadgetFactory-Arduino-Soft-Core-06f1ba4/submodules/papilio_core_template/sources/papilio_core_template.vhd sub00/vhpl42 1359973897
EN uart NULL E:/Xilinx_projects/GadgetFactory-Arduino-Soft-Core-v1.6-0-ga7f9bf7/GadgetFactory-Arduino-Soft-Core-06f1ba4/sources/Peripheral/uart.vhd sub00/vhpl62 1359973919
AR ocdprogtck rtl E:/Xilinx_projects/GadgetFactory-Arduino-Soft-Core-v1.6-0-ga7f9bf7/GadgetFactory-Arduino-Soft-Core-06f1ba4/sources/JTAG_OCD_Prg/OCDProgTCK.vhd sub00/vhpl11 1359973866
EN synchronizerdff NULL E:/Xilinx_projects/GadgetFactory-Arduino-Soft-Core-v1.6-0-ga7f9bf7/GadgetFactory-Arduino-Soft-Core-06f1ba4/sources/Peripheral/SynchronizerDFF.vhd sub00/vhpl20 1359973875
EN arbiterandmux NULL E:/Xilinx_projects/GadgetFactory-Arduino-Soft-Core-v1.6-0-ga7f9bf7/GadgetFactory-Arduino-Soft-Core-06f1ba4/sources/MemArbAndMux/ArbiterAndMux.vhd sub00/vhpl64 1359973921
EN ocdprogcp2 NULL E:/Xilinx_projects/GadgetFactory-Arduino-Soft-Core-v1.6-0-ga7f9bf7/GadgetFactory-Arduino-Soft-Core-06f1ba4/sources/JTAG_OCD_Prg/OCDProgcp2.vhd sub00/vhpl12 1359973867
PH jtagprogrammerpack NULL E:/Xilinx_projects/GadgetFactory-Arduino-Soft-Core-v1.6-0-ga7f9bf7/GadgetFactory-Arduino-Soft-Core-06f1ba4/sources/JTAG_OCD_Prg/JTAGProgrammerPack.vhd sub00/vhpl04 1359973859
AR ramdatareg rtl E:/Xilinx_projects/GadgetFactory-Arduino-Soft-Core-v1.6-0-ga7f9bf7/GadgetFactory-Arduino-Soft-Core-06f1ba4/sources/uC/RAMDataReg.vhd sub00/vhpl47 1359973902
AR pport rtl E:/Xilinx_projects/GadgetFactory-Arduino-Soft-Core-v1.6-0-ga7f9bf7/GadgetFactory-Arduino-Soft-Core-06f1ba4/sources/Peripheral/portx.vhd sub00/vhpl51 1359973906
EN timer_counter NULL E:/Xilinx_projects/GadgetFactory-Arduino-Soft-Core-v1.6-0-ga7f9bf7/GadgetFactory-Arduino-Soft-Core-06f1ba4/sources/Peripheral/Timer_Counter.vhd sub00/vhpl52 1359973909
